// Jest Snapshot v1, https://goo.gl/fbAQLP

exports[`Pruebas en <SearchPage/> Debe mostrarse correctamente con los valores por defecto 1`] = `
<div>
  <h1>
    Search
  </h1>
  <hr />
  <div
    class="row"
  >
    <div
      class="col-5"
    >
      <h4>
        Searching
      </h4>
      <hr />
      <form
        aria-label="form"
      >
        <input
          autocomplete="off"
          class="form-control"
          name="searchText"
          placeholder="Search a Hero"
          type="text"
          value=""
        />
        <button
          class="btn btn-outline-primary mt-2"
        >
          Search
        </button>
      </form>
    </div>
    <div
      class="col-7"
    >
      <h4>
        Results
      </h4>
      <hr />
      <div
        aria-label="Found"
        class="alert alert-primary animate__animated animate__fadeInUp"
      >
        Search a hero
      </div>
      <div
        aria-label="notFound"
        class="alert alert-danger animate__animated animate__fadeInUp"
        style="display: none;"
      >
        Ho hero found with name 
        <b />
      </div>
    </div>
  </div>
</div>
`;
